--- PRUEBA DE ASSIMP (GNOME) ---
EXITO: El gnomo se cargo correctamente desde assets/gnome.glb
--- INFO DEL MODELO ---
Animaciones: 5
  [0] Nombre: ArmatureAction (Duracion: 5280, TicksPerSecond: 1000)
  [1] Nombre: mesh_armAction (Duracion: 2600, TicksPerSecond: 1000)
  [2] Nombre: mesh_arm_1Action (Duracion: 2600, TicksPerSecond: 1000)
  [3] Nombre: mesh_bodyAction (Duracion: 2600, TicksPerSecond: 1000)
  [4] Nombre: mesh_headAction (Duracion: 2600, TicksPerSecond: 1000)
Mallas (Meshes): 4 | Huesos totales en mallas: 22
------------------------
Cargando archivo OBJ: assets/laptop.obj...
  Cargada libreria de materiales: laptop.mtl
Modelo cargado con 299835 vertices.
Cargando archivo OBJ: assets/cables.obj...
  Cargada libreria de materiales: cables.mtl
Modelo cargado con 11832 vertices.
Cargando archivo OBJ: assets/carta.obj...
  Cargada libreria de materiales: carta.mtl
Modelo cargado con 5841 vertices.
Cargando archivo OBJ: assets/puertaizqui.obj...
  Cargada libreria de materiales: puertaizqui.mtl
Modelo cargado con 3858 vertices.
Cargando archivo OBJ: assets/puertadere.obj...
  Cargada libreria de materiales: puertadere.mtl
Modelo cargado con 3858 vertices.
[SISTEMA] Huesos cargados en m_BoneInfoMap: 13
[SISTEMA] Modelo activo del gnomo: assets/gnome.glb
[SISTEMA] Huesos cargados en m_BoneInfoMap: 32
[SISTEMA] Huesos cargados en m_BoneInfoMap: 36
[SISTEMA] Huesos cargados en m_BoneInfoMap: 33
[SISTEMA] Huesos cargados en m_BoneInfoMap: 0
[SISTEMA] Huesos cargados en m_BoneInfoMap: 0
[SISTEMA] Huesos cargados en m_BoneInfoMap: 0
[SISTEMA] Huesos cargados en m_BoneInfoMap: 0
[SISTEMA] Huesos cargados en m_BoneInfoMap: 0
[SISTEMA] Huesos cargados en m_BoneInfoMap: 0
[SISTEMA] Huesos cargados en m_BoneInfoMap: 0
[SISTEMA] Huesos cargados en m_BoneInfoMap: 0
[SISTEMA] Huesos cargados en m_BoneInfoMap: 0
[SISTEMA] Huesos cargados en m_BoneInfoMap: 0
[SISTEMA] Huesos cargados en m_BoneInfoMap: 0
[SISTEMA] Huesos cargados en m_BoneInfoMap: 0
[SISTEMA] Huesos cargados en m_BoneInfoMap: 0
[SISTEMA] Huesos cargados en m_BoneInfoMap: 0
[SISTEMA] Huesos cargados en m_BoneInfoMap: 0
[SISTEMA] Huesos cargados en m_BoneInfoMap: 0
[SISTEMA] Huesos cargados en m_BoneInfoMap: 0
[SISTEMA] Huesos cargados en m_BoneInfoMap: 0
[SISTEMA] Huesos cargados en m_BoneInfoMap: 0
[SISTEMA] Huesos cargados en m_BoneInfoMap: 0
[SISTEMA] Huesos cargados en m_BoneInfoMap: 0
[SISTEMA] Huesos cargados en m_BoneInfoMap: 0
[SISTEMA] Huesos cargados en m_BoneInfoMap: 0
[SISTEMA] Huesos cargados en m_BoneInfoMap: 0
[SISTEMA] Huesos cargados en m_BoneInfoMap: 0
[SISTEMA] Huesos cargados en m_BoneInfoMap: 0
[SISTEMA] Huesos cargados en m_BoneInfoMap: 0
[SISTEMA] Huesos cargados en m_BoneInfoMap: 0
[SISTEMA] Huesos cargados en m_BoneInfoMap: 0
[SISTEMA] Huesos cargados en m_BoneInfoMap: 0
[SISTEMA] Huesos cargados en m_BoneInfoMap: 0
[SISTEMA] Huesos cargados en m_BoneInfoMap: 0
[SISTEMA] Huesos cargados en m_BoneInfoMap: 0
[SISTEMA] Huesos cargados en m_BoneInfoMap: 0
[SISTEMA] Huesos cargados en m_BoneInfoMap: 0
[SISTEMA] Huesos cargados en m_BoneInfoMap: 0
[SISTEMA] Huesos cargados en m_BoneInfoMap: 0
[SISTEMA] Huesos cargados en m_BoneInfoMap: 0
[SISTEMA] Huesos cargados en m_BoneInfoMap: 0
[SISTEMA] Huesos cargados en m_BoneInfoMap: 0
[SISTEMA] Huesos cargados en m_BoneInfoMap: 0
[SISTEMA] Huesos cargados en m_BoneInfoMap: 0
[SISTEMA] Huesos cargados en m_BoneInfoMap: 0
[SISTEMA] Huesos cargados en m_BoneInfoMap: 0
[SISTEMA] Huesos cargados en m_BoneInfoMap: 0
[SISTEMA] Huesos cargados en m_BoneInfoMap: 0
[SISTEMA] Huesos cargados en m_BoneInfoMap: 0
[SISTEMA] Huesos cargados en m_BoneInfoMap: 0
[SISTEMA] Huesos cargados en m_BoneInfoMap: 0
[SISTEMA] Huesos cargados en m_BoneInfoMap: 0
[SISTEMA] Huesos cargados en m_BoneInfoMap: 0
[SISTEMA] Huesos cargados en m_BoneInfoMap: 0
[SISTEMA] Huesos cargados en m_BoneInfoMap: 0
[SISTEMA] Huesos cargados en m_BoneInfoMap: 0
[SISTEMA] Huesos cargados en m_BoneInfoMap: 0
[SISTEMA] Huesos cargados en m_BoneInfoMap: 0
[SISTEMA] Huesos cargados en m_BoneInfoMap: 0
[SISTEMA] Huesos cargados en m_BoneInfoMap: 0
[SISTEMA] Huesos cargados en m_BoneInfoMap: 0
[SISTEMA] Huesos cargados en m_BoneInfoMap: 0
[SISTEMA] Huesos cargados en m_BoneInfoMap: 0
[SISTEMA] Huesos cargados en m_BoneInfoMap: 0
[SISTEMA] Huesos cargados en m_BoneInfoMap: 0
[SISTEMA] Huesos cargados en m_BoneInfoMap: 0
[SISTEMA] Huesos cargados en m_BoneInfoMap: 0
[SISTEMA] Huesos cargados en m_BoneInfoMap: 0
[SISTEMA] Huesos cargados en m_BoneInfoMap: 0
[SISTEMA] Huesos cargados en m_BoneInfoMap: 0
[SISTEMA] Huesos cargados en m_BoneInfoMap: 0
[SISTEMA] Huesos cargados en m_BoneInfoMap: 0
[SISTEMA] Huesos cargados en m_BoneInfoMap: 0
Cargados 222 props desde: assets/config_posiciones.txt
